
> sentinel-grc@2.0.0 type-check
> tsc --noEmit

src/components/dashboard/DashboardEditModeToggle.tsx(70,11): error TS1003: Identifier expected.
