
> sentinel-grc@2.0.0 type-check
> tsc --noEmit

scripts/nis2-seed-data.ts(33,3): error TS2353: Object literal may only specify known properties, and 'sectors' does not exist in type 'Omit<RegulatoryFramework, "id" | "createdAt" | "updatedAt">'.
src/components/assets/AssetDashboard.tsx(401,53): error TS2322: Type '(props: { cx: number; cy: number; innerRadius: number; outerRadius: number; startAngle: number; endAngle: number; fill: string; payload: { name: string; value: number; }; percent: number; }) => JSX.Element' is not assignable to type 'ActiveShape<PieSectorDataItem> | undefined'.
  Type '(props: { cx: number; cy: number; innerRadius: number; outerRadius: number; startAngle: number; endAngle: number; fill: string; payload: { name: string; value: number; }; percent: number; }) => JSX.Element' is not assignable to type '(props: unknown) => Element'.
    Types of parameters 'props' and 'props' are incompatible.
      Type 'unknown' is not assignable to type '{ cx: number; cy: number; innerRadius: number; outerRadius: number; startAngle: number; endAngle: number; fill: string; payload: { name: string; value: number; }; percent: number; }'.
src/components/assets/AssetDashboard.tsx(506,53): error TS2322: Type '(props: { cx: number; cy: number; innerRadius: number; outerRadius: number; startAngle: number; endAngle: number; fill: string; payload: { name: string; value: number; }; percent: number; }) => JSX.Element' is not assignable to type 'ActiveShape<PieSectorDataItem> | undefined'.
  Type '(props: { cx: number; cy: number; innerRadius: number; outerRadius: number; startAngle: number; endAngle: number; fill: string; payload: { name: string; value: number; }; percent: number; }) => JSX.Element' is not assignable to type '(props: unknown) => Element'.
    Types of parameters 'props' and 'props' are incompatible.
      Type 'unknown' is not assignable to type '{ cx: number; cy: number; innerRadius: number; outerRadius: number; startAngle: number; endAngle: number; fill: string; payload: { name: string; value: number; }; percent: number; }'.
src/components/assets/AssetHeader.tsx(27,13): error TS2322: Type '{ title: string; subtitle: string; icon: Element; breadcrumbs: { label: string; path: string; }[]; actions: Element; }' is not assignable to type 'IntrinsicAttributes & PageHeaderProps'.
  Property 'breadcrumbs' does not exist on type 'IntrinsicAttributes & PageHeaderProps'.
src/components/audits/AuditTrailViewer.tsx(135,17): error TS2322: Type '{ title: string; subtitle: string; icon: Element; breadcrumbs: { label: string; }[]; actions: Element; }' is not assignable to type 'IntrinsicAttributes & PageHeaderProps'.
  Property 'breadcrumbs' does not exist on type 'IntrinsicAttributes & PageHeaderProps'.
src/components/audits/dashboard/AuditCharts.tsx(200,53): error TS2322: Type '(props: { cx: number; cy: number; innerRadius: number; outerRadius: number; startAngle: number; endAngle: number; fill: string; payload: { name: string; value: number; }; percent: number; }) => JSX.Element' is not assignable to type 'ActiveShape<PieSectorDataItem> | undefined'.
  Type '(props: { cx: number; cy: number; innerRadius: number; outerRadius: number; startAngle: number; endAngle: number; fill: string; payload: { name: string; value: number; }; percent: number; }) => JSX.Element' is not assignable to type '(props: unknown) => Element'.
    Types of parameters 'props' and 'props' are incompatible.
      Type 'unknown' is not assignable to type '{ cx: number; cy: number; innerRadius: number; outerRadius: number; startAngle: number; endAngle: number; fill: string; payload: { name: string; value: number; }; percent: number; }'.
src/components/continuity/dashboard/ContinuityCharts.tsx(249,53): error TS2322: Type '(props: { cx: number; cy: number; innerRadius: number; outerRadius: number; startAngle: number; endAngle: number; fill: string; payload: { name: string; value: number; }; percent: number; }) => JSX.Element' is not assignable to type 'ActiveShape<PieSectorDataItem> | undefined'.
  Type '(props: { cx: number; cy: number; innerRadius: number; outerRadius: number; startAngle: number; endAngle: number; fill: string; payload: { name: string; value: number; }; percent: number; }) => JSX.Element' is not assignable to type '(props: unknown) => Element'.
    Types of parameters 'props' and 'props' are incompatible.
      Type 'unknown' is not assignable to type '{ cx: number; cy: number; innerRadius: number; outerRadius: number; startAngle: number; endAngle: number; fill: string; payload: { name: string; value: number; }; percent: number; }'.
src/components/dashboard/widgets/__tests__/DashboardHeader.test.tsx(17,20): error TS2339: Property 'causticsProjectionMaterial' does not exist on type 'JSX.IntrinsicElements'.
src/components/dashboard/widgets/__tests__/DashboardHeader.test.tsx(17,20): error TS2339: Property 'cloudMaterial' does not exist on type 'JSX.IntrinsicElements'.
src/components/dashboard/widgets/__tests__/DashboardHeader.test.tsx(17,20): error TS2339: Property 'discardMaterialImpl' does not exist on type 'JSX.IntrinsicElements'.
src/components/dashboard/widgets/__tests__/DashboardHeader.test.tsx(17,20): error TS2339: Property 'distortMaterialImpl' does not exist on type 'JSX.IntrinsicElements'.
src/components/dashboard/widgets/__tests__/DashboardHeader.test.tsx(17,20): error TS2339: Property 'effectComposer' does not exist on type 'JSX.IntrinsicElements'.
src/components/dashboard/widgets/__tests__/DashboardHeader.test.tsx(17,20): error TS2339: Property 'gridMaterial' does not exist on type 'JSX.IntrinsicElements'.
src/components/dashboard/widgets/__tests__/DashboardHeader.test.tsx(17,20): error TS2339: Property 'groundProjectedEnvImpl' does not exist on type 'JSX.IntrinsicElements'.
src/components/dashboard/widgets/__tests__/DashboardHeader.test.tsx(17,20): error TS2339: Property 'imageMaterial' does not exist on type 'JSX.IntrinsicElements'.
src/components/dashboard/widgets/__tests__/DashboardHeader.test.tsx(17,20): error TS2339: Property 'meshReflectorMaterial' does not exist on type 'JSX.IntrinsicElements'.
src/components/dashboard/widgets/__tests__/DashboardHeader.test.tsx(17,20): error TS2339: Property 'meshReflectorMaterialImpl' does not exist on type 'JSX.IntrinsicElements'.
src/components/dashboard/widgets/__tests__/DashboardHeader.test.tsx(17,20): error TS2339: Property 'meshRefractionMaterial' does not exist on type 'JSX.IntrinsicElements'.
src/components/dashboard/widgets/__tests__/DashboardHeader.test.tsx(17,20): error TS2339: Property 'meshTransmissionMaterial' does not exist on type 'JSX.IntrinsicElements'.
src/components/dashboard/widgets/__tests__/DashboardHeader.test.tsx(17,20): error TS2339: Property 'meshWireframeMaterial' does not exist on type 'JSX.IntrinsicElements'.
src/components/dashboard/widgets/__tests__/DashboardHeader.test.tsx(17,20): error TS2339: Property 'oculusHandModel' does not exist on type 'JSX.IntrinsicElements'.
src/components/dashboard/widgets/__tests__/DashboardHeader.test.tsx(17,20): error TS2339: Property 'pointMaterialImpl' does not exist on type 'JSX.IntrinsicElements'.
src/components/dashboard/widgets/__tests__/DashboardHeader.test.tsx(17,20): error TS2339: Property 'portalMaterialImpl' does not exist on type 'JSX.IntrinsicElements'.
src/components/dashboard/widgets/__tests__/DashboardHeader.test.tsx(17,20): error TS2339: Property 'positionMesh' does not exist on type 'JSX.IntrinsicElements'.
src/components/dashboard/widgets/__tests__/DashboardHeader.test.tsx(17,20): error TS2339: Property 'positionPoint' does not exist on type 'JSX.IntrinsicElements'.
src/components/dashboard/widgets/__tests__/DashboardHeader.test.tsx(17,20): error TS2339: Property 'renamedTextGeometry' does not exist on type 'JSX.IntrinsicElements'.
src/components/dashboard/widgets/__tests__/DashboardHeader.test.tsx(17,20): error TS2339: Property 'renderPass' does not exist on type 'JSX.IntrinsicElements'.
src/components/dashboard/widgets/__tests__/DashboardHeader.test.tsx(17,20): error TS2339: Property 'segmentObject' does not exist on type 'JSX.IntrinsicElements'.
src/components/dashboard/widgets/__tests__/DashboardHeader.test.tsx(17,20): error TS2339: Property 'shaderPass' does not exist on type 'JSX.IntrinsicElements'.
src/components/dashboard/widgets/__tests__/DashboardHeader.test.tsx(17,20): error TS2339: Property 'softShadowMaterial' does not exist on type 'JSX.IntrinsicElements'.
src/components/dashboard/widgets/__tests__/DashboardHeader.test.tsx(17,20): error TS2339: Property 'sparklesImplMaterial' does not exist on type 'JSX.IntrinsicElements'.
src/components/dashboard/widgets/__tests__/DashboardHeader.test.tsx(17,20): error TS2339: Property 'splatMaterial' does not exist on type 'JSX.IntrinsicElements'.
src/components/dashboard/widgets/__tests__/DashboardHeader.test.tsx(17,20): error TS2339: Property 'starfieldMaterial' does not exist on type 'JSX.IntrinsicElements'.
src/components/dashboard/widgets/__tests__/DashboardHeader.test.tsx(17,20): error TS2339: Property 'wobbleMaterialImpl' does not exist on type 'JSX.IntrinsicElements'.
src/components/dashboard/widgets/__tests__/DashboardHeader.test.tsx(17,20): error TS2339: Property 'xRControllerModel' does not exist on type 'JSX.IntrinsicElements'.
src/components/dashboard/widgets/__tests__/DashboardHeader.test.tsx(17,21): error TS2604: JSX element type 'Element' does not have any construct or call signatures.
src/components/incidents/dashboard/IncidentOverview.tsx(24,33): error TS2305: Module '"../../../types"' has no exported member 'SentinelAgent'.
src/components/incidents/dashboard/IncidentOverview.tsx(507,57): error TS2322: Type '(props: { cx: number; cy: number; innerRadius: number; outerRadius: number; startAngle: number; endAngle: number; fill: string; payload: { name: string; value: number; }; }) => JSX.Element' is not assignable to type 'ActiveShape<PieSectorDataItem> | undefined'.
  Type '(props: { cx: number; cy: number; innerRadius: number; outerRadius: number; startAngle: number; endAngle: number; fill: string; payload: { name: string; value: number; }; }) => JSX.Element' is not assignable to type '(props: unknown) => Element'.
    Types of parameters 'props' and 'props' are incompatible.
      Type 'unknown' is not assignable to type '{ cx: number; cy: number; innerRadius: number; outerRadius: number; startAngle: number; endAngle: number; fill: string; payload: { name: string; value: number; }; }'.
src/components/incidents/dashboard/IncidentOverview.tsx(519,64): error TS6133: 'entry' is declared but its value is never read.
src/components/incidents/dashboard/IncidentOverview.tsx(638,58): error TS6133: 'entry' is declared but its value is never read.
src/components/projects/ProjectDashboard.tsx(302,53): error TS2322: Type '(props: { cx: number; cy: number; innerRadius: number; outerRadius: number; startAngle: number; endAngle: number; fill: string; payload: { name: string; value: number; }; percent: number; }) => JSX.Element' is not assignable to type 'ActiveShape<PieSectorDataItem> | undefined'.
  Type '(props: { cx: number; cy: number; innerRadius: number; outerRadius: number; startAngle: number; endAngle: number; fill: string; payload: { name: string; value: number; }; percent: number; }) => JSX.Element' is not assignable to type '(props: unknown) => Element'.
    Types of parameters 'props' and 'props' are incompatible.
      Type 'unknown' is not assignable to type '{ cx: number; cy: number; innerRadius: number; outerRadius: number; startAngle: number; endAngle: number; fill: string; payload: { name: string; value: number; }; percent: number; }'.
src/components/risks/RiskDashboard.tsx(93,11): error TS6133: '_strategyData' is declared but its value is never read.
src/components/risks/RiskDashboard.tsx(325,49): error TS2322: Type '(props: { cx: number; cy: number; innerRadius: number; outerRadius: number; startAngle: number; endAngle: number; fill: string; payload: { name: string; value: number; }; percent: number; }) => JSX.Element' is not assignable to type 'ActiveShape<PieSectorDataItem> | undefined'.
  Type '(props: { cx: number; cy: number; innerRadius: number; outerRadius: number; startAngle: number; endAngle: number; fill: string; payload: { name: string; value: number; }; percent: number; }) => JSX.Element' is not assignable to type '(props: unknown) => Element'.
    Types of parameters 'props' and 'props' are incompatible.
      Type 'unknown' is not assignable to type '{ cx: number; cy: number; innerRadius: number; outerRadius: number; startAngle: number; endAngle: number; fill: string; payload: { name: string; value: number; }; percent: number; }'.
src/components/risks/RiskDashboard.tsx(329,60): error TS6133: 'entry' is declared but its value is never read.
src/components/risks/RiskHeader.tsx(56,13): error TS2322: Type '{ title: string; subtitle: string; icon: Element; breadcrumbs: { label: string; }[]; trustType: "integrity"; actions: Element; }' is not assignable to type 'IntrinsicAttributes & PageHeaderProps'.
  Property 'breadcrumbs' does not exist on type 'IntrinsicAttributes & PageHeaderProps'.
src/components/suppliers/SupplierDashboard.tsx(287,53): error TS2322: Type '(props: { cx: number; cy: number; innerRadius: number; outerRadius: number; startAngle: number; endAngle: number; fill: string; payload: { name: string; value: number; }; percent: number; }) => JSX.Element' is not assignable to type 'ActiveShape<PieSectorDataItem> | undefined'.
  Type '(props: { cx: number; cy: number; innerRadius: number; outerRadius: number; startAngle: number; endAngle: number; fill: string; payload: { name: string; value: number; }; percent: number; }) => JSX.Element' is not assignable to type '(props: unknown) => Element'.
    Types of parameters 'props' and 'props' are incompatible.
      Type 'unknown' is not assignable to type '{ cx: number; cy: number; innerRadius: number; outerRadius: number; startAngle: number; endAngle: number; fill: string; payload: { name: string; value: number; }; percent: number; }'.
src/components/ui/ShortcutsHelp.tsx(43,11): error TS6133: '_shortcuts' is declared but its value is never read.
src/components/ui/TextHighlight.tsx(13,25): error TS2503: Cannot find namespace 'DOMPurify'.
src/components/ui/TextHighlight.tsx(41,43): error TS2339: Property 'replace' does not exist on type 'TrustedHTML'.
src/components/vulnerabilities/VulnerabilityOverview.tsx(53,7): error TS6133: '_SEVERITY_CHART_COLORS' is declared but its value is never read.
src/components/vulnerabilities/VulnerabilityOverview.tsx(140,64): error TS2339: Property 'exploitAvailable' does not exist on type 'Vulnerability'.
src/components/vulnerabilities/VulnerabilityOverview.tsx(278,37): error TS2339: Property 'exploitAvailable' does not exist on type 'Vulnerability'.
src/components/vulnerabilities/VulnerabilityOverview.tsx(541,57): error TS2322: Type '(props: { cx: number; cy: number; innerRadius: number; outerRadius: number; startAngle: number; endAngle: number; fill: string; payload: { name: string; value: number; }; }) => JSX.Element' is not assignable to type 'ActiveShape<PieSectorDataItem> | undefined'.
  Type '(props: { cx: number; cy: number; innerRadius: number; outerRadius: number; startAngle: number; endAngle: number; fill: string; payload: { name: string; value: number; }; }) => JSX.Element' is not assignable to type '(props: unknown) => Element'.
    Types of parameters 'props' and 'props' are incompatible.
      Type 'unknown' is not assignable to type '{ cx: number; cy: number; innerRadius: number; outerRadius: number; startAngle: number; endAngle: number; fill: string; payload: { name: string; value: number; }; }'.
src/components/vulnerabilities/VulnerabilityOverview.tsx(553,64): error TS6133: 'entry' is declared but its value is never read.
src/components/vulnerabilities/VulnerabilityOverview.tsx(626,64): error TS6133: 'entry' is declared but its value is never read.
src/components/vulnerabilities/VulnerabilityOverview.tsx(832,58): error TS6133: 'entry' is declared but its value is never read.
src/hooks/useComplianceActions.ts(70,87): error TS2352: Conversion of type 'Control' to type 'Record<string, unknown>' may be a mistake because neither type sufficiently overlaps with the other. If this was intentional, convert the expression to 'unknown' first.
  Index signature for type 'string' is missing in type 'Control'.
src/pages/VoxelPage.tsx(35,9): error TS2322: Type '{ title: string; subtitle: string; breadcrumbs: { label: string; }[]; }' is not assignable to type 'IntrinsicAttributes & PageHeaderProps'.
  Property 'breadcrumbs' does not exist on type 'IntrinsicAttributes & PageHeaderProps'.
src/services/__tests__/aclService.test.ts(128,40): error TS2352: Conversion of type '{ id: string; organizationId: string; title: string; ownerId: string; classification: { level: "internal"; }; acl: { defaultAccess: "classification"; permissions: never[]; }; }' to type 'Document' may be a mistake because neither type sufficiently overlaps with the other. If this was intentional, convert the expression to 'unknown' first.
  Type '{ id: string; organizationId: string; title: string; ownerId: string; classification: { level: "internal"; }; acl: { defaultAccess: "classification"; permissions: never[]; }; }' is missing the following properties from type 'Document': type, version, status, owner, and 2 more.
src/services/__tests__/RiskService.test.ts(189,72): error TS2345: Argument of type '{ threat: string; probability: number; impact: number; residualProbability: number; residualImpact: number; }' is not assignable to parameter of type 'Partial<Risk>'.
  Types of property 'probability' are incompatible.
    Type 'number' is not assignable to type '5 | 4 | 1 | 2 | 3 | undefined'.
src/services/__tests__/RiskService.test.ts(266,82): error TS2345: Argument of type '{ status: string; probability: number; }' is not assignable to parameter of type 'Partial<Risk>'.
  Types of property 'probability' are incompatible.
    Type 'number' is not assignable to type '5 | 4 | 1 | 2 | 3 | undefined'.
src/services/__tests__/RiskService.test.ts(352,34): error TS2322: Type '"Control"' is not assignable to type '"Audit" | "Contrôle" | "Risque" | "Projet"'.
src/services/PdfService.ts(13,11): error TS2430: Interface 'jsPDFWithGState' incorrectly extends interface 'jsPDF'.
  Types of property 'GState' are incompatible.
    Type '(new (options: GStateOptions) => object) | undefined' is not assignable to type '(parameters: GState) => GState'.
      Type 'undefined' is not assignable to type '(parameters: GState) => GState'.
src/services/PdfService.ts(640,30): error TS2352: Conversion of type 'jsPDF' to type 'jsPDFWithGState' may be a mistake because neither type sufficiently overlaps with the other. If this was intentional, convert the expression to 'unknown' first.
  Types of property 'GState' are incompatible.
    Type '(parameters: GState) => GState' is not comparable to type 'new (options: GStateOptions) => object'.
      Type '(parameters: GState) => GState' provides no match for the signature 'new (options: GStateOptions): object'.
src/services/PdfService.ts(641,48): error TS2352: Conversion of type 'jsPDF' to type 'jsPDFWithGState' may be a mistake because neither type sufficiently overlaps with the other. If this was intentional, convert the expression to 'unknown' first.
  Types of property 'GState' are incompatible.
    Type '(parameters: GState) => GState' is not comparable to type 'new (options: GStateOptions) => object'.
      Type '(parameters: GState) => GState' provides no match for the signature 'new (options: GStateOptions): object'.
src/services/PdfService.ts(693,26): error TS2352: Conversion of type 'jsPDF' to type 'jsPDFWithGState' may be a mistake because neither type sufficiently overlaps with the other. If this was intentional, convert the expression to 'unknown' first.
  Types of property 'GState' are incompatible.
    Type '(parameters: GState) => GState' is not comparable to type 'new (options: GStateOptions) => object'.
      Type '(parameters: GState) => GState' provides no match for the signature 'new (options: GStateOptions): object'.
src/services/PdfService.ts(694,44): error TS2352: Conversion of type 'jsPDF' to type 'jsPDFWithGState' may be a mistake because neither type sufficiently overlaps with the other. If this was intentional, convert the expression to 'unknown' first.
  Types of property 'GState' are incompatible.
    Type '(parameters: GState) => GState' is not comparable to type 'new (options: GStateOptions) => object'.
      Type '(parameters: GState) => GState' provides no match for the signature 'new (options: GStateOptions): object'.
src/services/PdfService.ts(912,18): error TS2352: Conversion of type 'jsPDF' to type 'jsPDFWithGState' may be a mistake because neither type sufficiently overlaps with the other. If this was intentional, convert the expression to 'unknown' first.
  Types of property 'GState' are incompatible.
    Type '(parameters: GState) => GState' is not comparable to type 'new (options: GStateOptions) => object'.
      Type '(parameters: GState) => GState' provides no match for the signature 'new (options: GStateOptions): object'.
src/services/PdfService.ts(913,36): error TS2352: Conversion of type 'jsPDF' to type 'jsPDFWithGState' may be a mistake because neither type sufficiently overlaps with the other. If this was intentional, convert the expression to 'unknown' first.
  Types of property 'GState' are incompatible.
    Type '(parameters: GState) => GState' is not comparable to type 'new (options: GStateOptions) => object'.
      Type '(parameters: GState) => GState' provides no match for the signature 'new (options: GStateOptions): object'.
src/services/PdfService.ts(1204,30): error TS2352: Conversion of type 'jsPDF' to type 'jsPDFWithGState' may be a mistake because neither type sufficiently overlaps with the other. If this was intentional, convert the expression to 'unknown' first.
  Types of property 'GState' are incompatible.
    Type '(parameters: GState) => GState' is not comparable to type 'new (options: GStateOptions) => object'.
      Type '(parameters: GState) => GState' provides no match for the signature 'new (options: GStateOptions): object'.
src/services/PdfService.ts(1205,48): error TS2352: Conversion of type 'jsPDF' to type 'jsPDFWithGState' may be a mistake because neither type sufficiently overlaps with the other. If this was intentional, convert the expression to 'unknown' first.
  Types of property 'GState' are incompatible.
    Type '(parameters: GState) => GState' is not comparable to type 'new (options: GStateOptions) => object'.
      Type '(parameters: GState) => GState' provides no match for the signature 'new (options: GStateOptions): object'.
src/views/Dashboard.tsx(145,25): error TS2339: Property 'endDate' does not exist on type 'Project'.
src/views/Dashboard.tsx(146,54): error TS2339: Property 'endDate' does not exist on type 'Project'.
src/views/Documents.tsx(209,11): error TS6133: '_inReviewDocs' is declared but its value is never read.
src/views/Documents.tsx(210,11): error TS6133: '_draftDocs' is declared but its value is never read.
src/views/Documents.tsx(211,11): error TS6133: '_expiredDocs' is declared but its value is never read.
src/views/Documents.tsx(212,11): error TS6133: '_validationRate' is declared but its value is never read.
src/views/Incidents.tsx(311,11): error TS6133: '_incidentStats' is declared but its value is never read.
